[backblue.gif]
[fade.gif]
[index.html]
[webpages.charter.net/manauser/morrowind/files/NifLight11.zip]
[webpages.charter.net/manauser/morrowind/images/NifLight.jpg]
[webpages.charter.net/manauser/morrowind/files/NifLight-Readme.txt]
[webpages.charter.net/manauser/morrowind/files/Chalk30.7z]
[webpages.charter.net/manauser/morrowind/images/Chalk1.jpg]
[webpages.charter.net/manauser/morrowind/images/Chalk2.jpg]
[webpages.charter.net/manauser/morrowind/images/Chalk3.jpg]
[webpages.charter.net/manauser/morrowind/images/Chalk4.jpg]
[webpages.charter.net/manauser/morrowind/files/Chalk30-Readme.txt]
[webpages.charter.net/manauser/morrowind/files/GraphicHerbalism.7z]
[webpages.charter.net/manauser/morrowind/images/GraphicHerbalism1.jpg]
[webpages.charter.net/manauser/morrowind/images/GraphicHerbalism2.jpg]
[webpages.charter.net/manauser/morrowind/images/GraphicHerbalism3.jpg]
[webpages.charter.net/manauser/morrowind/images/GraphicHerbalism4.jpg]
[webpages.charter.net/manauser/morrowind/files/GraphicHerbalism-Readme.txt]
[webpages.charter.net/manauser/morrowind/files/GH_MC_Patch.7z]
[webpages.charter.net/manauser/morrowind/files/Toolkit20.zip]
[webpages.charter.net/manauser/morrowind/files/Toolkit-Readme.txt]
[webpages.charter.net/manauser/morrowind/files/MannequinsForSale.zip]
[webpages.charter.net/manauser/morrowind/images/Mannequins1.jpg]
[webpages.charter.net/manauser/morrowind/images/Mannequins2.jpg]
[webpages.charter.net/manauser/morrowind/images/Mannequins3.jpg]
[webpages.charter.net/manauser/morrowind/files/MannequinsForSale-Readme.txt]
[webpages.charter.net/manauser/morrowind/files/WanderersofSolstheim11.zip]
[webpages.charter.net/manauser/morrowind/files/WanderersofSolstheim-Readme.txt]
[webpages.charter.net/manauser/morrowind/files/NewIcons21.zip]
[webpages.charter.net/manauser/morrowind/images/Icons.gif]
[webpages.charter.net/manauser/morrowind/files/NewIcons-Readme.txt]
[webpages.charter.net/manauser/morrowind/files/PrivateersHold.7z]
[webpages.charter.net/manauser/morrowind/files/PrivateersHold-Readme.txt]
[webpages.charter.net/manauser/morrowind/files/MapDeluxe.zip]
[webpages.charter.net/manauser/morrowind/images/Map2.jpg]
[webpages.charter.net/manauser/morrowind/files/MapDeluxe-Readme.txt]
[webpages.charter.net/manauser/morrowind/files/MundaneWeapons.zip]
[webpages.charter.net/manauser/morrowind/images/Knife.jpg]
[webpages.charter.net/manauser/morrowind/files/MundaneWeapons-Readme.txt]
[webpages.charter.net/manauser/morrowind/files/ImprovedGoldWeight.zip]
[webpages.charter.net/manauser/morrowind/files/ImprovedGoldWeight-Readme.txt]
[webpages.charter.net/manauser/morrowind/files/MiniMods.zip]
[webpages.charter.net/manauser/morrowind/files/MiniMods-Readme.txt]
[webpages.charter.net/manauser/morrowind/index.html]
[webpages.charter.net/manauser/morrowind/main.css]
[webpages.charter.net/manauser/morrowind/indenter.html]
[webpages.charter.net/manauser/morrowind/files/GraphicHerbalism.7z]
[webpages.charter.net/manauser/morrowind/files/MannequinsForSale.zip]
[webpages.charter.net/manauser/morrowind/files/NewClothes.zip]
[webpages.charter.net/manauser/morrowind/images/NewClothes1.jpg]
[webpages.charter.net/manauser/morrowind/files/NewClothes-Readme.txt]
[webpages.charter.net/manauser/morrowind/files/StripOrCoverUp.zip]
[webpages.charter.net/manauser/morrowind/files/AllStripMods-Readme.txt]
[webpages.charter.net/manauser/morrowind/files/CoverUp-Readme.txt]
[webpages.charter.net/manauser/morrowind/files/UndressForMe.zip]
[webpages.charter.net/manauser/morrowind/files/Femmons.zip]
[webpages.charter.net/manauser/morrowind/images/Femmons.jpg]
[webpages.charter.net/manauser/morrowind/files/Femmons-Readme.txt]
[webpages.charter.net/manauser/morrowind/nudemods.html]
[webpages.charter.net/icons/blank.gif]
[webpages.charter.net/icons/back.gif]
[webpages.charter.net/icons/text.gif]
[webpages.charter.net/manauser/morrowind/files/Ahnassi-SE-Readme.txt]
[webpages.charter.net/icons/compressed.gif]
[webpages.charter.net/manauser/morrowind/files/Ahnassi-SE.zip]
[webpages.charter.net/icons/unknown.gif]
[webpages.charter.net/manauser/morrowind/files/CompanionRPP-Readme.txt]
[webpages.charter.net/manauser/morrowind/files/CompanionRPP.zip]
[webpages.charter.net/manauser/morrowind/files/FontReader with Source.zip]
[webpages.charter.net/manauser/morrowind/files/HoldThatThought.zip]
[webpages.charter.net/manauser/morrowind/files/NudeInstpector.zip]
[webpages.charter.net/manauser/morrowind/files/SolidTextures.zip]
[webpages.charter.net/manauser/morrowind/files/TextureSizeTester.zip]
[webpages.charter.net/manauser/morrowind/files/Toolkit121.zip]
[webpages.charter.net/manauser/morrowind/files/daedric.zip]
[webpages.charter.net/manauser/morrowind/files/index.html]
[webpages.charter.net/manauser/morrowind/nude.css]
[webpages.charter.net/manauser/morrowind/index-2.html]
[webpages.charter.net/manauser/morrowind/files/indexc052.html]
[webpages.charter.net/manauser/morrowind/files/indexf8a0.html]
[webpages.charter.net/manauser/morrowind/files/indexbfec.html]
[webpages.charter.net/manauser/morrowind/files/index30b5.html]
[webpages.charter.net/manauser/morrowind/files/indexb70a.html]
[webpages.charter.net/manauser/morrowind/files/index72c9.html]
[webpages.charter.net/manauser/morrowind/files/index5851.html]
[webpages.charter.net/manauser/morrowind/files/indexad3f.html]
