[backblue.gif]
[fade.gif]
[index.html]
[webpages.charter.net/icons/blank.gif]
[webpages.charter.net/icons/back.gif]
[webpages.charter.net/icons/image2.gif]
[webpages.charter.net/manauser/email.gif]
[webpages.charter.net/icons/folder.gif]
[webpages.charter.net/manauser/index.html]
[webpages.charter.net/manauser/indexc052.html]
[webpages.charter.net/manauser/indexf8a0.html]
[webpages.charter.net/manauser/indexbfec.html]
[webpages.charter.net/manauser/index30b5.html]
[webpages.charter.net/icons/compressed.gif]
[webpages.charter.net/manauser/files/ChexPach.zip]
[webpages.charter.net/manauser/files/IniClean.zip]
[webpages.charter.net/manauser/files/JoyTail.zip]
[webpages.charter.net/icons/text.gif]
[webpages.charter.net/manauser/files/ManaMod.txt]
[webpages.charter.net/icons/unknown.gif]
[webpages.charter.net/manauser/files/PH-Light.esp]
[webpages.charter.net/icons/sound2.gif]
[webpages.charter.net/manauser/files/Random.mp3]
[webpages.charter.net/manauser/files/SaveKeeper.zip]
[webpages.charter.net/manauser/files/UristV.zip]
[webpages.charter.net/manauser/files/VirtualGodDetector11.zip]
[webpages.charter.net/manauser/files/WORDLIST.TXT]
[webpages.charter.net/manauser/files/halloween.zip]
[webpages.charter.net/manauser/files/multi.txt]
[webpages.charter.net/manauser/files/shoptune.mid]
[webpages.charter.net/manauser/files/index.html]
[webpages.charter.net/manauser/images/76Kitten1.jpg]
[webpages.charter.net/manauser/images/76Kitten2.jpg]
[webpages.charter.net/manauser/images/76Kitten3.jpg]
[webpages.charter.net/manauser/images/76Kitten4.jpg]
[webpages.charter.net/manauser/images/AllKittens.jpg]
[webpages.charter.net/manauser/images/Anonymous-HackersOnSteroids.jpg]
[webpages.charter.net/manauser/images/BWKitten1.jpg]
[webpages.charter.net/manauser/images/BWKitten2.jpg]
[webpages.charter.net/manauser/images/BeerVolcanos.jpg]
[webpages.charter.net/manauser/images/Coin.gif]
[webpages.charter.net/manauser/images/Elements.gif]
[webpages.charter.net/manauser/images/Grayman.gif]
[webpages.charter.net/manauser/images/GraymanX.gif]
[webpages.charter.net/manauser/images/KnobMushroom.gif]
[webpages.charter.net/manauser/images/Melt.png]
[webpages.charter.net/manauser/images/OriginalArena.gif]
[webpages.charter.net/manauser/images/Tablet1.png]
[webpages.charter.net/manauser/images/Tablet2.png]
[webpages.charter.net/manauser/images/V-Mask.png]
[webpages.charter.net/manauser/images/Victrola.jpg]
[webpages.charter.net/manauser/images/VineRoot.png]
[webpages.charter.net/manauser/images/duck.gif]
[webpages.charter.net/manauser/images/jollyroger.gif]
[webpages.charter.net/manauser/images/kittens.jpg]
[webpages.charter.net/manauser/images/multi.gif]
[webpages.charter.net/manauser/images/nimbus2000.png]
[webpages.charter.net/manauser/images/peek.jpg]
[webpages.charter.net/manauser/images/sig_occam.gif]
[webpages.charter.net/manauser/images/slurpee.jpg]
[webpages.charter.net/manauser/images/wallsparkle.gif]
[webpages.charter.net/manauser/images/wtf.gif]
[webpages.charter.net/manauser/images/index.html]
[webpages.charter.net/manauser/junk/CompanionDemo.zip]
[webpages.charter.net/manauser/junk/Tx_Gold_001.dds]
[webpages.charter.net/manauser/junk/bound.png]
[webpages.charter.net/manauser/junk/googlenews.png]
[webpages.charter.net/manauser/junk/hectocotylus.gif]
[webpages.charter.net/manauser/junk/table.png]
[webpages.charter.net/manauser/junk/index.html]
[webpages.charter.net/manauser/secret/index.html]
[webpages.charter.net/manauser/files/indexc052.html]
[webpages.charter.net/manauser/files/indexf8a0.html]
[webpages.charter.net/manauser/files/indexbfec.html]
[webpages.charter.net/manauser/files/index30b5.html]
[webpages.charter.net/manauser/files/JoyTail.zip]
[webpages.charter.net/manauser/files/layout1.html]
[webpages.charter.net/manauser/files/layout2.html]
[webpages.charter.net/manauser/files/ringtone.html]
[webpages.charter.net/manauser/images/indexc052.html]
[webpages.charter.net/manauser/images/indexf8a0.html]
[webpages.charter.net/manauser/files/UristV.zip]
[webpages.charter.net/manauser/images/indexbfec.html]
[webpages.charter.net/manauser/images/index30b5.html]
[webpages.charter.net/manauser/images/Smilies/MrA.gif]
[webpages.charter.net/manauser/images/Smilies/applause.gif]
[webpages.charter.net/manauser/images/Smilies/biggrin.gif]
[webpages.charter.net/manauser/images/Smilies/boob.gif]
[webpages.charter.net/manauser/images/Smilies/clap.gif]
[webpages.charter.net/manauser/images/Smilies/fap.gif]
[webpages.charter.net/manauser/images/Smilies/grimace.gif]
[webpages.charter.net/manauser/images/Smilies/icon_razz.gif]
[webpages.charter.net/manauser/images/Smilies/pb.gif]
[webpages.charter.net/manauser/images/Smilies/shlick.gif]
[webpages.charter.net/manauser/images/Smilies/index.html]
[webpages.charter.net/manauser/junk/indexc052.html]
[webpages.charter.net/manauser/junk/indexf8a0.html]
[webpages.charter.net/manauser/junk/indexbfec.html]
[webpages.charter.net/manauser/junk/index30b5.html]
[webpages.charter.net/manauser/junk/install.html]
[webpages.charter.net/manauser/files/indexb70a.html]
[webpages.charter.net/manauser/files/index72c9.html]
[webpages.charter.net/manauser/files/index5851.html]
[webpages.charter.net/manauser/files/indexad3f.html]
[webpages.charter.net/manauser/images/indexb70a.html]
[webpages.charter.net/manauser/images/index72c9.html]
[webpages.charter.net/manauser/images/index5851.html]
[webpages.charter.net/manauser/images/indexad3f.html]
[webpages.charter.net/manauser/images/Smilies/indexc052.html]
[webpages.charter.net/manauser/images/Smilies/indexf8a0.html]
[webpages.charter.net/manauser/images/Smilies/indexbfec.html]
[webpages.charter.net/manauser/images/Smilies/index30b5.html]
[webpages.charter.net/manauser/junk/indexb70a.html]
[webpages.charter.net/manauser/junk/index72c9.html]
[webpages.charter.net/manauser/junk/index5851.html]
[webpages.charter.net/manauser/junk/indexad3f.html]
[webpages.charter.net/manauser/images/Smilies/indexb70a.html]
[webpages.charter.net/manauser/images/Smilies/index72c9.html]
[webpages.charter.net/manauser/images/Smilies/index5851.html]
[webpages.charter.net/manauser/images/Smilies/indexad3f.html]
[file/A_/virus1.jpg]
[file/A_/virus2.jpg]
[file/A_/virus3.jpg]
